{
  "delete_tasks": [
    {
      "create_timestamp": 0,
      "delete_query": {
        "index_uid": "index",
        "query_ast": "Harry Potter"
      },
      "opstamp": 10
    }
  ],
  "index": {
    "checkpoint": {
      "kafka-source": {
        "00000000000000000000": "00000000000000000042"
      }
    },
    "create_timestamp": 1789,
    "index_config": {
      "doc_mapping": {
        "dynamic_mapping": {
          "expand_dots": true,
          "fast": {
            "normalizer": "raw"
          },
          "indexed": true,
          "record": "basic",
          "stored": true,
          "tokenizer": "raw"
        },
        "field_mappings": [
          {
            "coerce": true,
            "fast": true,
            "indexed": true,
            "name": "tenant_id",
            "output_format": "number",
            "stored": true,
            "type": "u64"
          },
          {
            "fast": true,
            "fast_precision": "seconds",
            "indexed": true,
            "input_formats": [
              "rfc3339",
              "unix_timestamp"
            ],
            "name": "timestamp",
            "output_format": "rfc3339",
            "stored": true,
            "type": "datetime"
          },
          {
            "fast": false,
            "fieldnorms": false,
            "indexed": true,
            "name": "log_level",
            "record": "basic",
            "stored": true,
            "tokenizer": "raw",
            "type": "text"
          },
          {
            "fast": false,
            "fieldnorms": false,
            "indexed": true,
            "name": "message",
            "record": "position",
            "stored": true,
            "tokenizer": "default",
            "type": "text"
          }
        ],
        "index_field_presence": false,
        "max_num_partitions": 100,
        "mode": "dynamic",
        "partition_key": "tenant",
        "store_source": true,
        "tag_fields": [
          "log_level",
          "tenant_id"
        ],
        "timestamp_field": "timestamp",
        "tokenizers": []
      },
      "index_id": "my-index",
      "index_uri": "s3://quickwit-indexes/my-index",
      "indexing_settings": {
        "commit_timeout_secs": 301,
        "docstore_blocksize": 1000000,
        "docstore_compression_level": 8,
        "merge_policy": {
          "maturation_period": "2days",
          "max_merge_factor": 11,
          "merge_factor": 9,
          "min_level_num_docs": 100000,
          "type": "stable_log"
        },
        "resources": {
          "heap_size": "50.0 MB"
        },
        "split_num_docs_target": 10000001
      },
      "retention": {
        "period": "90 days",
        "schedule": "daily"
      },
      "search_settings": {
        "default_search_fields": [
          "message"
        ]
      },
      "version": "0.6"
    },
    "index_uid": "my-index:",
    "sources": [
      {
        "desired_num_pipelines": 2,
        "enabled": true,
        "input_format": "json",
        "max_num_pipelines_per_indexer": 2,
        "params": {
          "client_params": {},
          "topic": "kafka-topic"
        },
        "source_id": "kafka-source",
        "source_type": "kafka",
        "version": "0.6"
      }
    ],
    "version": "0.6"
  },
  "splits": [
    {
      "create_timestamp": 3,
      "delete_opstamp": 10,
      "footer_offsets": {
        "end": 2000,
        "start": 1000
      },
      "index_uid": "my-index:",
      "maturity": {
        "type": "mature"
      },
      "node_id": "node",
      "num_docs": 12303,
      "num_merge_ops": 3,
      "partition_id": 7,
      "publish_timestamp": 1789,
      "source_id": "source",
      "split_id": "split",
      "split_state": "Published",
      "tags": [
        "234",
        "aaa"
      ],
      "time_range": {
        "end": 130198,
        "start": 121000
      },
      "uncompressed_docs_size_in_bytes": 234234,
      "update_timestamp": 1789,
      "version": "0.6"
    }
  ],
  "version": "0.6"
}
